exports[`Header should match the snapshot 1`] = `"<h1 class=\"ng-binding\">Hello!</h1>"`;
